<?xml version="1.0" encoding="UTF-8"?>
<TestRun id="fc3c880d-1015-4403-89d1-6415b234689a" name="testuser@ICLVDEVTL 2013-05-24 07:33:49" runUser="ICLVDEVTL\testuser" xmlns="http://microsoft.com/schemas/VisualStudio/TeamTest/2010">
  <TestSettings name="RemoteSetting" id="5c3ed885-967b-4862-a1a8-8a2764ec6e39">
    <Description>These are default test settings for a local test run.</Description>
    <Deployment runDeploymentRoot="testuser_ICLVDEVTL 2013-05-24 07_33_49">
      <DeploymentItem filename="C:\TestLinkFixture.dll" />
      <DeploymentItem filename="C:\CookComputing.XmlRpcV2.dll" />
      <DeploymentItem filename="C:\TestLinkAPI.dll" />
    </Deployment>
    <RemoteController name="ICLVDEVTL" />
    <Execution location="Remote">
      <TestTypeSpecific>
        <UnitTestRunConfig testTypeId="13cdc9d9-ddb5-4fa4-a97d-d965ccfc6d4b">
          <AssemblyResolution>
            <TestDirectory useLoadContext="true" />
          </AssemblyResolution>
        </UnitTestRunConfig>
      </TestTypeSpecific>
      <AgentRule name="New role 1">
      </AgentRule>
    </Execution>
  </TestSettings>
  <Times creation="2013-05-24T07:33:49.0890389+01:00" queuing="2013-05-24T07:33:50.0451345+01:00" start="2013-05-24T07:33:53.1054405+01:00" finish="2013-05-24T07:37:58.3069582+01:00" />
  <ResultSummary outcome="Failed">
    <Counters total="1" executed="1" error="0" failed="1" timeout="0" aborted="0" inconclusive="0" passedButRunAborted="0" notRunnable="0" notExecuted="0" disconnected="0" warning="0" passed="0" completed="0" inProgress="0" pending="0" />
  </ResultSummary>
  <TestDefinitions>
    <UnitTest name="HouseSaveQuoteWithoutPremium" storage="c:\autotesttam1205\testproject7\bin\debug\ver1.dll" id="f613b012-21a1-0866-908e-8b12c2d22d2b">
      <Execution id="41ae86ad-67e3-4df3-8003-90083b3c42d9" />
      <TestMethod codeBase="C:/AutotestTam1205/TestProject7/bin/Debug/Ver1.DLL" adapterTypeName="Microsoft.VisualStudio.TestTools.TestTypes.Unit.UnitTestAdapter, Microsoft.VisualStudio.QualityTools.Tips.UnitTest.Adapter, Version=10.0.0.0, Culture=neutral, PublicKeyToken=b03f5f7f11d50a3a" className="Ver1.CodedUITest2, Ver1, Version=1.0.0.0, Culture=neutral, PublicKeyToken=null" name="HouseSaveQuoteWithoutPremium" />
      <Extension>Microsoft.VisualStudio.TestTools.UITesting.CodedUITestAttribute, Microsoft.VisualStudio.QualityTools.CodedUITestFramework, Version=10.0.0.0, Culture=neutral, PublicKeyToken=b03f5f7f11d50a3a</Extension>
    </UnitTest>
  </TestDefinitions>
  <TestLists>
    <TestList name="Results Not in a List" id="8c84fa94-04c1-424b-9868-57a2d4851a1d" />
    <TestList name="All Loaded Results" id="19431567-8539-422a-85d7-44ee4e166bda" />
  </TestLists>
  <TestEntries>
    <TestEntry testId="f613b012-21a1-0866-908e-8b12c2d22d2b" executionId="41ae86ad-67e3-4df3-8003-90083b3c42d9" testListId="8c84fa94-04c1-424b-9868-57a2d4851a1d" />
  </TestEntries>
  <Results>
    <UnitTestResult executionId="41ae86ad-67e3-4df3-8003-90083b3c42d9" testId="f613b012-21a1-0866-908e-8b12c2d22d2b" testName="HouseSaveQuoteWithoutPremium" computerName="ICLVDEVTM02" duration="00:03:58.1721812" startTime="2013-05-24T07:21:18.7202423+01:00" endTime="2013-05-24T07:25:21.9051228+01:00" testType="13cdc9d9-ddb5-4fa4-a97d-d965ccfc6d4b" outcome="Failed" testListId="8c84fa94-04c1-424b-9868-57a2d4851a1d" relativeResultsDirectory="41ae86ad-67e3-4df3-8003-90083b3c42d9">
      <Output>
        <DebugTrace>W, 3504, 253, 2013/05/24, 07:21:35.818, 3557888361073, QTAgent32.exe, &lt;a class=success&gt;Playback - {1} [SUCCESS] MouseButtonClick - "[MSAA, VisibleOnly]ControlType='Edit'"
\0&lt;/a&gt;
W, 3504, 253, 2013/05/24, 07:21:36.467, 3557897651166, QTAgent32.exe, &lt;a class=success&gt;Playback - {2} [SUCCESS] SendKeys "[*]" - "[MSAA, VisibleOnly]ControlType='Edit'"
\0&lt;/a&gt;
W, 3504, 253, 2013/05/24, 07:21:37.560, 3557913303612, QTAgent32.exe, &lt;a class=success&gt;Playback - {3} [SUCCESS] MouseButtonClick - "[MSAA, VisibleOnly]ControlType='Button' &amp;&amp; Name='OK'"
\0&lt;/a&gt;
E, 3504, 253, 2013/05/24, 07:21:37.918, 3557918420690, QTAgent32.exe, LoadLibrary() : Unable to find the resource 37382 from assembly C:\Windows\system32\en-US\ieframe.dll.mui: Error1814
E, 3504, 253, 2013/05/24, 07:21:37.919, 3557918431664, QTAgent32.exe, LoadLibrary() : Unable to find the resource 41728 from assembly C:\Windows\system32\en-US\ieframe.dll.mui: Error1814
E, 3504, 253, 2013/05/24, 07:21:37.919, 3557918435111, QTAgent32.exe, LoadLibrary() : Unable to find the resource 8131 from assembly C:\Windows\system32\en-US\ieframe.dll.mui: Error1814
E, 3504, 253, 2013/05/24, 07:21:37.919, 3557918439930, QTAgent32.exe, LoadLibrary() : Unable to find the resource 8131 from assembly C:\Windows\system32\en-US\ieframe.dll.mui: Error1814
E, 3504, 253, 2013/05/24, 07:21:37.920, 3557918448401, QTAgent32.exe, LoadLibrary() : Unable to find the resource 8131 from assembly C:\Windows\system32\en-US\ieframe.dll.mui: Error1814
E, 3504, 253, 2013/05/24, 07:21:37.934, 3557918646734, QTAgent32.exe, LoadLibrary() : Unable to find the resource 803 from assembly C:\Windows\system32\en-US\user32.dll.mui: Error1814
W, 3504, 253, 2013/05/24, 07:21:38.592, 3557928071891, QTAgent32.exe, &lt;a class=success&gt;Playback - {4} [SUCCESS] SendKeys "^{HOME}" - "[MSAA, VisibleOnly]ControlType='Edit'"
\0&lt;/a&gt;
E, 3504, 253, 2013/05/24, 07:21:38.594, 3557928105653, QTAgent32.exe, Msaa.GetFocusedElement: could not find accessible object of foreground window
W, 3504, 253, 2013/05/24, 07:21:38.658, 3557929022959, QTAgent32.exe, &lt;a class=success&gt;Playback - {5} [SUCCESS] SendKeys "^+{END}" - "[MSAA, VisibleOnly]ControlType='Edit'"
\0&lt;/a&gt;
E, 3504, 253, 2013/05/24, 07:21:38.658, 3557929026308, QTAgent32.exe, Msaa.GetFocusedElement: could not find accessible object of foreground window
W, 3504, 253, 2013/05/24, 07:21:38.686, 3557929419742, QTAgent32.exe, &lt;a class=success&gt;Playback - {6} [SUCCESS] SendKeys "{DELETE}" - "[MSAA, VisibleOnly]ControlType='Edit'"
\0&lt;/a&gt;
W, 3504, 253, 2013/05/24, 07:21:39.092, 3557935233238, QTAgent32.exe, &lt;a class=success&gt;Playback - {7} [SUCCESS] SetValueAsEditBox "24/05/2013" - "[MSAA, VisibleOnly]ControlType='Edit'"  &lt; Set via SendKeys &gt;
\0&lt;/a&gt;
W, 3504, 253, 2013/05/24, 07:21:39.791, 3557945242980, QTAgent32.exe, Playback - [WARNING] Internal warning: Incorrect flag set for InvokeProgrammaticAction\0
W, 3504, 253, 2013/05/24, 07:21:39.912, 3557946971631, QTAgent32.exe, &lt;a class=success&gt;Playback - {8} [SUCCESS] SetValueAsComboBox "May" - "[MSAA, VisibleOnly]ControlType='ComboBox'"  &lt; SetValueAsComboBox, set by clicking on the item in the list box &gt;
\0&lt;/a&gt;
W, 3504, 253, 2013/05/24, 07:21:40.265, 3557952029686, QTAgent32.exe, &lt;a class=success&gt;Playback - {9} [SUCCESS] SendKeys "^{HOME}" - "[MSAA, VisibleOnly]ControlType='Edit'"
\0&lt;/a&gt;
E, 3504, 253, 2013/05/24, 07:21:40.265, 3557952033195, QTAgent32.exe, Msaa.GetFocusedElement: could not find accessible object of foreground window
W, 3504, 253, 2013/05/24, 07:21:40.324, 3557952874549, QTAgent32.exe, &lt;a class=success&gt;Playback - {10} [SUCCESS] SendKeys "^+{END}" - "[MSAA, VisibleOnly]ControlType='Edit'"
\0&lt;/a&gt;
E, 3504, 253, 2013/05/24, 07:21:40.324, 3557952877593, QTAgent32.exe, Msaa.GetFocusedElement: could not find accessible object of foreground window
W, 3504, 253, 2013/05/24, 07:21:40.356, 3557953340261, QTAgent32.exe, &lt;a class=success&gt;Playback - {11} [SUCCESS] SendKeys "{DELETE}" - "[MSAA, VisibleOnly]ControlType='Edit'"
\0&lt;/a&gt;
W, 3504, 253, 2013/05/24, 07:21:40.585, 3557956604839, QTAgent32.exe, &lt;a class=success&gt;Playback - {12} [SUCCESS] SetValueAsEditBox "2013" - "[MSAA, VisibleOnly]ControlType='Edit'"  &lt; Set via SendKeys &gt;
\0&lt;/a&gt;
W, 3504, 253, 2013/05/24, 07:21:42.493, 3557983925272, QTAgent32.exe, &lt;a class=success&gt;Playback - {13} [SUCCESS] MouseButtonClick - "[MSAA, VisibleOnly]ControlType='Button' &amp;&amp; Name='OK'"
\0&lt;/a&gt;
W, 3504, 253, 2013/05/24, 07:21:43.517, 3557998592439, QTAgent32.exe, Playback - [WARNING] Internal warning: Window Not Found: [VisibleOnly]ControlType='Window' &amp;&amp; Name='Warning' &amp;&amp; ClassName='#32770'
\0
E, 3504, 253, 2013/05/24, 07:21:43.517, 3557998595739, QTAgent32.exe, &lt;a class=failure&gt;Playback - {14} [FAILED] Function ElementFetcher::FindScreenElement failed to locate UI element (Searching: ;[VisibleOnly]ControlType='Window' &amp;&amp; Name='Warning' &amp;&amp; ClassName='#32770') (The object specified was not found.)
\0&lt;/a&gt;
E, 3504, 253, 2013/05/24, 07:21:43.940, 3558004645205, QTAgent32.exe, Playback - [IMAGE] C:\Users\testuser\AppData\Local\Temp\UITestLogs\LastRun\RPFBF55.png
\0
W, 3504, 253, 2013/05/24, 07:21:43.940, 3558004647682, QTAgent32.exe, Playback - [WARNING] Internal warning: Couldn't find descendants that match QueryId
\0
W, 3504, 253, 2013/05/24, 07:21:43.940, 3558004653796, QTAgent32.exe, PERF WARNING: FindTopLevelWindowHelper::FindAllDescendents: took 1340 ms. Expected it to take maximum 500 ms.
W, 3504, 253, 2013/05/24, 07:22:02.076, 3558264326693, QTAgent32.exe, Playback - [WARNING] Internal warning: Window Not Found: [VisibleOnly]ControlType='Window' &amp;&amp; Name='Warning' &amp;&amp; ClassName='#32770'
\0
E, 3504, 253, 2013/05/24, 07:22:02.077, 3558264330644, QTAgent32.exe, &lt;a class=failure&gt;Playback - {15} [FAILED] Function ElementFetcher::FindScreenElement failed to locate UI element (Searching: ;[VisibleOnly]ControlType='Window' &amp;&amp; Name='Warning' &amp;&amp; ClassName='#32770') (The object specified was not found.)
\0&lt;/a&gt;
E, 3504, 253, 2013/05/24, 07:22:02.155, 3558265451441, QTAgent32.exe, Playback - [IMAGE] C:\Users\testuser\AppData\Local\Temp\UITestLogs\LastRun\RPF7DA.png
\0
W, 3504, 253, 2013/05/24, 07:22:02.155, 3558265453754, QTAgent32.exe, Playback - [WARNING] Internal warning: Couldn't find descendants that match QueryId
\0
W, 3504, 253, 2013/05/24, 07:22:02.155, 3558265457155, QTAgent32.exe, PERF WARNING: FindTopLevelWindowHelper::FindAllDescendents: took 18127 ms. Expected it to take maximum 500 ms.
W, 3504, 253, 2013/05/24, 07:22:02.922, 3558276443027, QTAgent32.exe, Playback - [WARNING] Internal warning: Smart Match failed
\0
W, 3504, 253, 2013/05/24, 07:22:03.394, 3558283190551, QTAgent32.exe, Playback - [WARNING] Internal warning: Smart Match failed
\0
W, 3504, 253, 2013/05/24, 07:22:03.553, 3558285470639, QTAgent32.exe, Playback - [WARNING] Internal warning: Smart Match failed
\0
W, 3504, 253, 2013/05/24, 07:22:03.707, 3558287680769, QTAgent32.exe, Playback - [WARNING] Internal warning: Smart Match failed
\0
W, 3504, 253, 2013/05/24, 07:22:03.861, 3558289884896, QTAgent32.exe, Playback - [WARNING] Internal warning: Smart Match failed
\0
W, 3504, 253, 2013/05/24, 07:22:04.016, 3558292097802, QTAgent32.exe, Playback - [WARNING] Internal warning: Smart Match failed
\0
W, 3504, 253, 2013/05/24, 07:22:04.169, 3558294281740, QTAgent32.exe, Playback - [WARNING] Internal warning: Smart Match failed
\0
W, 3504, 253, 2013/05/24, 07:22:04.323, 3558296495753, QTAgent32.exe, Playback - [WARNING] Internal warning: Smart Match failed
\0
W, 3504, 253, 2013/05/24, 07:22:04.477, 3558298701910, QTAgent32.exe, Playback - [WARNING] Internal warning: Smart Match failed
\0
W, 3504, 253, 2013/05/24, 07:22:04.632, 3558300913565, QTAgent32.exe, Playback - [WARNING] Internal warning: Smart Match failed
\0
W, 3504, 253, 2013/05/24, 07:22:04.786, 3558303130464, QTAgent32.exe, Playback - [WARNING] Internal warning: Smart Match failed
\0
W, 3504, 253, 2013/05/24, 07:22:04.939, 3558305312293, QTAgent32.exe, Playback - [WARNING] Internal warning: Smart Match failed
\0
W, 3504, 253, 2013/05/24, 07:22:05.092, 3558307512099, QTAgent32.exe, Playback - [WARNING] Internal warning: Smart Match failed
\0
W, 3504, 253, 2013/05/24, 07:22:05.252, 3558309797754, QTAgent32.exe, Playback - [WARNING] Internal warning: Smart Match failed
\0
W, 3504, 253, 2013/05/24, 07:22:05.296, 3558310419617, QTAgent32.exe, Playback - [WARNING] Internal warning: Window Not Found: [VisibleOnly]ControlType='Window' &amp;&amp; Name='Warning' &amp;&amp; ClassName='#32770'
\0
E, 3504, 253, 2013/05/24, 07:22:05.296, 3558310422291, QTAgent32.exe, &lt;a class=failure&gt;Playback - {16} [FAILED] Function ElementFetcher::FindScreenElement failed to locate UI element (Searching: ;[VisibleOnly]ControlType='Window' &amp;&amp; Name='Warning' &amp;&amp; ClassName='#32770') (The object specified was not found.)
\0&lt;/a&gt;
E, 3504, 253, 2013/05/24, 07:22:05.377, 3558311590847, QTAgent32.exe, Playback - [IMAGE] C:\Users\testuser\AppData\Local\Temp\UITestLogs\LastRun\RPF1469.png
\0
W, 3504, 253, 2013/05/24, 07:22:05.378, 3558311593563, QTAgent32.exe, Playback - [WARNING] Internal warning: Couldn't find descendants that match QueryId
\0
W, 3504, 253, 2013/05/24, 07:22:05.378, 3558311596693, QTAgent32.exe, PERF WARNING: FindTopLevelWindowHelper::FindAllDescendents: took 3222 ms. Expected it to take maximum 500 ms.
E, 3504, 253, 2013/05/24, 07:22:05.379, 3558311615256, QTAgent32.exe, Exception: System.Runtime.InteropServices.COMException
	Message: Error HRESULT E_FAIL has been returned from a call to a COM component.
	Stack Trace:    at Microsoft.VisualStudio.TestTools.UITest.Playback.Engine.IRPFPlayback.FindAllScreenElements(IScreenElement pScreenElementStart, String bstrQueryId, Object&amp; pvarResKeys, Int32 cResKeys, Int32 nMaxDepth, Object[]&amp; foundDescendants)
   at Microsoft.VisualStudio.TestTools.UITest.Playback.ScreenElement.FindTopLevelWindowHelper(String queryId)
	BaseExceptionMessage: Error HRESULT E_FAIL has been returned from a call to a COM component.

E, 3504, 253, 2013/05/24, 07:22:05.760, 3558317075875, QTAgent32.exe, AL: Playback Error: Microsoft.VisualStudio.TestTools.UITest.Extension.UITestControlNotFoundException: The playback failed to find the control with the given search properties. Additional Details: 
TechnologyName:  'MSAA'
ControlType:  'Window'
Name:  'Warning'
ClassName:  '#32770'
 ---&gt; System.Runtime.InteropServices.COMException: Error HRESULT E_FAIL has been returned from a call to a COM component.
   at Microsoft.VisualStudio.TestTools.UITest.Playback.Engine.IRPFPlayback.FindAllScreenElements(IScreenElement pScreenElementStart, String bstrQueryId, Object&amp; pvarResKeys, Int32 cResKeys, Int32 nMaxDepth, Object[]&amp; foundDescendants)
   at Microsoft.VisualStudio.TestTools.UITest.Playback.ScreenElement.FindTopLevelWindowHelper(String queryId)
   at Microsoft.VisualStudio.TestTools.UITest.Playback.ScreenElement.FindFromPartialQueryId(String queryId)
   at Microsoft.VisualStudio.TestTools.UITesting.UITestControl..ctor(String queryId)
   --- End of inner exception stack trace ---
   at Microsoft.VisualStudio.TestTools.UITesting.Playback.MapControlNotFoundException(COMException ex, IPlaybackContext context)
   at Microsoft.VisualStudio.TestTools.UITesting.Playback.MapAndThrowComException(COMException innerException, IPlaybackContext context)
   at Microsoft.VisualStudio.TestTools.UITesting.Playback.MapAndThrowException(SystemException exception, IPlaybackContext context)
   at Microsoft.VisualStudio.TestTools.UITesting.Playback.MapAndThrowException(SystemException exception, String queryId)
   at Microsoft.VisualStudio.TestTools.UITesting.UITestControl..ctor(String queryId)
   at Microsoft.VisualStudio.TestTools.UITesting.SearchHelper.SearchTopLevelWindow(ISearchArgument topLevelSearchArg, String topLevelElementQueryId)
   at Microsoft.VisualStudio.TestTools.UITesting.SearchHelper.GetTitleUpdatedTopLevelWindow(ISearchArgument topLevelSearchArg, String queryId, IList`1 windowTitles)
   at Microsoft.VisualStudio.TestTools.UITesting.SearchHelper.GetTopLevelElement(Boolean useCache, Boolean useCacheOnly, ISearchArgument searchArg, IList`1 windowTitles, Int32&amp; timeLeft)
   at Microsoft.VisualStudio.TestTools.UITesting.SearchHelper.GetElement(Boolean useCache, ISearchArgument searchArg)
   at Microsoft.VisualStudio.TestTools.UITesting.SearchHelper.Search(ISearchArgument searchArg)
   at Microsoft.VisualStudio.TestTools.UITesting.UITestControl.FindInternal()
   at Microsoft.VisualStudio.TestTools.UITesting.UITestControl.FindControlIfNecessary()
   at Microsoft.VisualStudio.TestTools.UITesting.UITestControl.Click(MouseButtons button, ModifierKeys modifierKeys, Point relativeCoordinates)
   at Microsoft.VisualStudio.TestTools.UITesting.Mouse.ClickImplementation(UITestControl control, MouseButtons button, ModifierKeys modifierKeys, Point relativeCoordinate)
   at Microsoft.VisualStudio.TestTools.UITesting.Mouse.ClickImplementationWrapper(UITestControl control, MouseButtons button, ModifierKeys modifierKeys, Point relativeCoordinate)
W, 3504, 253, 2013/05/24, 07:22:05.761, 3558317079720, QTAgent32.exe, PlaybackErrorHandler: Ignoring exception as ContinueOnError is set.
W, 3504, 253, 2013/05/24, 07:22:05.905, 3558319152145, QTAgent32.exe, &lt;a class=success&gt;Playback - {17} [SUCCESS] TypeString "#(R)"
\0&lt;/a&gt;
W, 3504, 253, 2013/05/24, 07:22:07.098, 3558336227684, QTAgent32.exe, PERF WARNING: FindTopLevelWindowHelper::FindAllDescendents: took 1091 ms. Expected it to take maximum 500 ms.
W, 3504, 253, 2013/05/24, 07:22:07.933, 3558348192026, QTAgent32.exe, PERF WARNING: FindAllDescendents: took 833 ms. Expected it to take maximum 500 ms.
E, 3504, 253, 2013/05/24, 07:22:07.983, 3558348900910, QTAgent32.exe, Exception: System.ArgumentException
	Message: Value does not fall within the expected range.
	Stack Trace:    at Accessibility.IAccessible.get_accRole(Object varChild)
   at Microsoft.VisualStudio.TestTools.UITest.Extension.Msaa.AccWrapper.get_RoleInt()
	BaseExceptionMessage: Value does not fall within the expected range.

E, 3504, 253, 2013/05/24, 07:22:08.021, 3558349442111, QTAgent32.exe, Exception: System.ArgumentException
	Message: Value does not fall within the expected range.
	Stack Trace:    at Accessibility.IAccessible.get_accRole(Object varChild)
   at Microsoft.VisualStudio.TestTools.UITest.Extension.Msaa.AccWrapper.get_RoleInt()
	BaseExceptionMessage: Value does not fall within the expected range.

W, 3504, 253, 2013/05/24, 07:22:09.148, 3558365582221, QTAgent32.exe, &lt;a class=success&gt;Playback - {18} [SUCCESS] LeftButtonClick  &lt; Mouse cursor location (87, 908) &gt;
\0&lt;/a&gt;
W, 3504, 253, 2013/05/24, 07:22:10.744, 3558388440798, QTAgent32.exe, &lt;a class=success&gt;Playback - {19} [SUCCESS] SetValueAsEditBox "c:\TestProject7\office.reg"  &lt; Set via SendKeys &gt;
\0&lt;/a&gt;
W, 3504, 253, 2013/05/24, 07:22:10.745, 3558388443392, QTAgent32.exe, &lt;a class=success&gt;Playback - {20} [SUCCESS] SetValueAsComboBox "c:\TestProject7\office.reg" - "[MSAA, VisibleOnly]ControlType='ComboBox' &amp;&amp; Name='Open:'"  &lt; Set via SetValueAsEditBox &gt;
\0&lt;/a&gt;
W, 3504, 253, 2013/05/24, 07:22:11.010, 3558392238786, QTAgent32.exe, &lt;a class=success&gt;Playback - {21} [SUCCESS] MouseButtonClick - "[MSAA, VisibleOnly]ControlType='Button' &amp;&amp; Name='OK'"
\0&lt;/a&gt;
W, 3504, 253, 2013/05/24, 07:22:11.369, 3558397385614, QTAgent32.exe, Playback - [WARNING] Internal warning: Window Not Found: [VisibleOnly]ControlType='Window' &amp;&amp; Name='Registry Editor' &amp;&amp; ClassName='#32770'
\0
E, 3504, 253, 2013/05/24, 07:22:11.371, 3558397409244, QTAgent32.exe, &lt;a class=failure&gt;Playback - {22} [FAILED] Function ElementFetcher::FindScreenElement failed to locate UI element (Searching: ;[VisibleOnly]ControlType='Window' &amp;&amp; Name='Registry Editor' &amp;&amp; ClassName='#32770') (The object specified was not found.)
\0&lt;/a&gt;
E, 3504, 253, 2013/05/24, 07:22:11.711, 3558402284965, QTAgent32.exe, Playback - [IMAGE] C:\Users\testuser\AppData\Local\Temp\UITestLogs\LastRun\RPF2C2E.png
\0
W, 3504, 253, 2013/05/24, 07:22:11.711, 3558402287609, QTAgent32.exe, Playback - [WARNING] Internal warning: Couldn't find descendants that match QueryId
\0
W, 3504, 253, 2013/05/24, 07:22:11.712, 3558402290967, QTAgent32.exe, PERF WARNING: FindTopLevelWindowHelper::FindAllDescendents: took 601 ms. Expected it to take maximum 500 ms.
W, 3504, 253, 2013/05/24, 07:22:13.787, 3558432003943, QTAgent32.exe, PERF WARNING: FindTopLevelWindowHelper::FindAllDescendents: took 2074 ms. Expected it to take maximum 500 ms.
W, 3504, 253, 2013/05/24, 07:22:14.082, 3558436222861, QTAgent32.exe, &lt;a class=success&gt;Playback - {23} [SUCCESS] MouseButtonClick - "[MSAA, VisibleOnly]ControlType='Button' &amp;&amp; Name='Yes'"
\0&lt;/a&gt;
W, 3504, 253, 2013/05/24, 07:22:14.480, 3558441928576, QTAgent32.exe, &lt;a class=success&gt;Playback - {24} [SUCCESS] MouseButtonClick - "[MSAA, VisibleOnly]ControlType='Button' &amp;&amp; Name='OK'"
\0&lt;/a&gt;
W, 3504, 253, 2013/05/24, 07:22:14.728, 3558445484710, QTAgent32.exe, &lt;a class=success&gt;Playback - {25} [SUCCESS] MouseButtonClick - "[MSAA, VisibleOnly]ControlType='Button' &amp;&amp; Name='Clients &amp; Files'"
\0&lt;/a&gt;
W, 3504, 253, 2013/05/24, 07:22:15.147, 3558451474938, QTAgent32.exe, Playback - [WARNING] Internal warning: Window Not Found: [VisibleOnly]ControlType='Window' &amp;&amp; ClassName='ThunderRT6MDIForm'
\0
E, 3504, 253, 2013/05/24, 07:22:15.147, 3558451477971, QTAgent32.exe, &lt;a class=failure&gt;Playback - {26} [FAILED] Function ElementFetcher::FindScreenElement failed to locate UI element (Searching: ;[VisibleOnly]ControlType='Window' &amp;&amp; ClassName='ThunderRT6MDIForm') (The object specified was not found.)
\0&lt;/a&gt;
E, 3504, 253, 2013/05/24, 07:22:15.302, 3558453697387, QTAgent32.exe, Playback - [IMAGE] C:\Users\testuser\AppData\Local\Temp\UITestLogs\LastRun\RPF3AEE.png
\0
W, 3504, 253, 2013/05/24, 07:22:15.302, 3558453699859, QTAgent32.exe, Playback - [WARNING] Internal warning: Couldn't find descendants that match QueryId
\0
W, 3504, 253, 2013/05/24, 07:22:18.017, 3558492570810, QTAgent32.exe, PERF WARNING: FindTopLevelWindowHelper::FindAllDescendents: took 2714 ms. Expected it to take maximum 500 ms.
W, 3504, 253, 2013/05/24, 07:22:18.933, 3558505685382, QTAgent32.exe, Playback - [WARNING] Internal warning: Incorrect flag set for InvokeProgrammaticAction\0
W, 3504, 253, 2013/05/24, 07:22:19.054, 3558507418165, QTAgent32.exe, &lt;a class=success&gt;Playback - {27} [SUCCESS] SetValueAsComboBox "Customers" - "[MSAA, VisibleOnly]ControlType='ComboBox'"  &lt; SetValueAsComboBox, set by clicking on the item in the list box &gt;
\0&lt;/a&gt;
W, 3504, 253, 2013/05/24, 07:22:19.599, 3558515217386, QTAgent32.exe, &lt;a class=success&gt;Playback - {28} [SUCCESS] MouseButtonClick - "[MSAA, VisibleOnly]ControlType='Button' &amp;&amp; Name='Add'"
\0&lt;/a&gt;
W, 3504, 253, 2013/05/24, 07:22:20.451, 3558527414714, QTAgent32.exe, &lt;a class=success&gt;Playback - {29} [SUCCESS] SendKeys "autotest" - "[MSAA, VisibleOnly]ControlType='RadioButton' &amp;&amp; Name='Personal Lines'"
\0&lt;/a&gt;
W, 3504, 253, 2013/05/24, 07:22:21.547, 3558543109512, QTAgent32.exe, &lt;a class=success&gt;Playback - {30} [SUCCESS] SetValueAsEditBox "autotest" - "[MSAA, VisibleOnly]ControlType='Edit'"  &lt; Set via SendKeys &gt;
\0&lt;/a&gt;
W, 3504, 253, 2013/05/24, 07:22:22.120, 3558551313882, QTAgent32.exe, &lt;a class=success&gt;Playback - {31} [SUCCESS] MouseButtonClick - "[MSAA, VisibleOnly]ControlType='Button' &amp;&amp; Name='OK'"
\0&lt;/a&gt;
W, 3504, 253, 2013/05/24, 07:22:22.367, 3558554850623, QTAgent32.exe, &lt;a class=success&gt;Playback - {32} [SUCCESS] MouseButtonClick - "[MSAA, VisibleOnly]ControlType='Button' &amp;&amp; Name='Yes'"
\0&lt;/a&gt;
W, 3504, 253, 2013/05/24, 07:22:23.046, 3558564581360, QTAgent32.exe, &lt;a class=success&gt;Playback - {33} [SUCCESS] SendKeys "^{HOME}" - "[MSAA, VisibleOnly]ControlType='Edit'"
\0&lt;/a&gt;
E, 3504, 253, 2013/05/24, 07:22:23.046, 3558564585071, QTAgent32.exe, Msaa.GetFocusedElement: could not find accessible object of foreground window
W, 3504, 253, 2013/05/24, 07:22:23.107, 3558565454620, QTAgent32.exe, &lt;a class=success&gt;Playback - {34} [SUCCESS] SendKeys "^+{END}" - "[MSAA, VisibleOnly]ControlType='Edit'"
\0&lt;/a&gt;
E, 3504, 253, 2013/05/24, 07:22:23.107, 3558565457903, QTAgent32.exe, Msaa.GetFocusedElement: could not find accessible object of foreground window
W, 3504, 253, 2013/05/24, 07:22:23.122, 3558565670263, QTAgent32.exe, &lt;a class=success&gt;Playback - {35} [SUCCESS] SendKeys "{DELETE}" - "[MSAA, VisibleOnly]ControlType='Edit'"
\0&lt;/a&gt;
W, 3504, 253, 2013/05/24, 07:22:23.449, 3558570350831, QTAgent32.exe, &lt;a class=success&gt;Playback - {36} [SUCCESS] SetValueAsEditBox "1" - "[MSAA, VisibleOnly]ControlType='Edit'"  &lt; Set via SendKeys &gt;
\0&lt;/a&gt;
W, 3504, 253, 2013/05/24, 07:22:23.897, 3558576760456, QTAgent32.exe, &lt;a class=success&gt;Playback - {37} [SUCCESS] SendKeys "^{HOME}" - "[MSAA, VisibleOnly]ControlType='Edit'"
\0&lt;/a&gt;
E, 3504, 253, 2013/05/24, 07:22:23.898, 3558576764549, QTAgent32.exe, Msaa.GetFocusedElement: could not find accessible object of foreground window
W, 3504, 253, 2013/05/24, 07:22:23.952, 3558577547707, QTAgent32.exe, &lt;a class=success&gt;Playback - {38} [SUCCESS] SendKeys "^+{END}" - "[MSAA, VisibleOnly]ControlType='Edit'"
\0&lt;/a&gt;
E, 3504, 253, 2013/05/24, 07:22:23.952, 3558577551020, QTAgent32.exe, Msaa.GetFocusedElement: could not find accessible object of foreground window
W, 3504, 253, 2013/05/24, 07:22:23.968, 3558577770699, QTAgent32.exe, &lt;a class=success&gt;Playback - {39} [SUCCESS] SendKeys "{DELETE}" - "[MSAA, VisibleOnly]ControlType='Edit'"
\0&lt;/a&gt;
W, 3504, 253, 2013/05/24, 07:22:24.277, 3558582195442, QTAgent32.exe, &lt;a class=success&gt;Playback - {40} [SUCCESS] SetValueAsEditBox "1" - "[MSAA, VisibleOnly]ControlType='Edit'"  &lt; Set via SendKeys &gt;
\0&lt;/a&gt;
W, 3504, 253, 2013/05/24, 07:22:25.887, 3558605247439, QTAgent32.exe, Playback - [WARNING] Internal warning: Target element "[MSAA, VisibleOnly]ControlType='Button' &amp;&amp; Name='OK'" was not found, so all intermediate elements were ignored. An incorrect element that matches target element Id can be found as the result.  Verify that all intermediate elements in QueryId have valid and unique Ids
\0
W, 3504, 253, 2013/05/24, 07:22:26.437, 3558613128306, QTAgent32.exe, PERF WARNING: FindAllDescendents: took 2059 ms. Expected it to take maximum 500 ms.
W, 3504, 253, 2013/05/24, 07:22:26.785, 3558618117111, QTAgent32.exe, &lt;a class=success&gt;Playback - {41} [SUCCESS] MouseButtonClick - "[MSAA, VisibleOnly]ControlType='Button' &amp;&amp; Name='OK'"
\0&lt;/a&gt;
W, 3504, 253, 2013/05/24, 07:22:27.365, 3558626421463, QTAgent32.exe, &lt;a class=success&gt;Playback - {42} [SUCCESS] MouseButtonClick - "[MSAA, VisibleOnly]ControlType='Button'"
\0&lt;/a&gt;
W, 3504, 253, 2013/05/24, 07:22:27.820, 3558632933706, QTAgent32.exe, &lt;a class=success&gt;Playback - {43} [SUCCESS] MouseButtonClick - "[MSAA, VisibleOnly]ControlType='Button' &amp;&amp; Name='Add'"
\0&lt;/a&gt;
W, 3504, 253, 2013/05/24, 07:22:28.074, 3558636568648, QTAgent32.exe, &lt;a class=success&gt;Playback - {44} [SUCCESS] MouseButtonClick - "[MSAA, VisibleOnly]ControlType='Button' &amp;&amp; Name='OK'"
\0&lt;/a&gt;
W, 3504, 253, 2013/05/24, 07:22:30.519, 3558671572542, QTAgent32.exe, &lt;a class=success&gt;Playback - {45} [SUCCESS] MouseButtonClick - "[MSAA, VisibleOnly,Window]ControlType='Window' &amp;&amp; ClassName='ThunderRT6TextBox'"
\0&lt;/a&gt;
W, 3504, 253, 2013/05/24, 07:22:31.298, 3558682729049, QTAgent32.exe, &lt;a class=success&gt;Playback - {46} [SUCCESS] SetValueAsEditBox "HOME" - "[MSAA, VisibleOnly]ControlType='Edit'"  &lt; Set via SendKeys &gt;
\0&lt;/a&gt;
W, 3504, 253, 2013/05/24, 07:22:31.643, 3558687664696, QTAgent32.exe, &lt;a class=success&gt;Playback - {47} [SUCCESS] MouseButtonClick - "[MSAA, VisibleOnly]ControlType='Button' &amp;&amp; Name='OK'"
\0&lt;/a&gt;
W, 3504, 253, 2013/05/24, 07:22:31.886, 3558691141268, QTAgent32.exe, &lt;a class=success&gt;Playback - {48} [SUCCESS] MouseButtonClick - "[MSAA, VisibleOnly]ControlType='Button' &amp;&amp; Name='Options'"
\0&lt;/a&gt;
W, 3504, 253, 2013/05/24, 07:22:32.017, 3558693025067, QTAgent32.exe, FindScreenElementInSinglePass : Attempting to find control in one pass of search. Failures can occur.
W, 3504, 253, 2013/05/24, 07:22:32.429, 3558698915892, QTAgent32.exe, &lt;a class=success&gt;Playback - {49} [SUCCESS] MouseButtonClick - "[MSAA]ControlType='MenuItem' &amp;&amp; Name='Links'"
\0&lt;/a&gt;
W, 3504, 253, 2013/05/24, 07:22:32.529, 3558700354526, QTAgent32.exe, FindScreenElementInSinglePass : Attempting to find control in one pass of search. Failures can occur.
W, 3504, 253, 2013/05/24, 07:22:32.944, 3558706297930, QTAgent32.exe, &lt;a class=success&gt;Playback - {50} [SUCCESS] MouseButtonClick - "[MSAA]ControlType='MenuItem' &amp;&amp; Name='3rd Party Integration'"
\0&lt;/a&gt;
W, 3504, 253, 2013/05/24, 07:22:33.045, 3558707736908, QTAgent32.exe, FindScreenElementInSinglePass : Attempting to find control in one pass of search. Failures can occur.
W, 3504, 253, 2013/05/24, 07:22:33.473, 3558713873363, QTAgent32.exe, &lt;a class=success&gt;Playback - {51} [SUCCESS] MouseButtonClick - "[MSAA]ControlType='MenuItem' &amp;&amp; Name='Quote Select List'"
\0&lt;/a&gt;
W, 3504, 253, 2013/05/24, 07:22:33.950, 3558720703132, QTAgent32.exe, Playback - [WARNING] Internal warning: Window Not Found: [VisibleOnly]ControlType='Window' &amp;&amp; Name='Current Or Future' &amp;&amp; ClassName='TfCurrentOrFuture'
\0
E, 3504, 253, 2013/05/24, 07:22:33.951, 3558720723416, QTAgent32.exe, &lt;a class=failure&gt;Playback - {52} [FAILED] Function ElementFetcher::FindScreenElement failed to locate UI element (Searching: ;[VisibleOnly]ControlType='Window' &amp;&amp; Name='Current Or Future' &amp;&amp; ClassName='TfCurrentOrFuture') (The object specified was not found.)
\0&lt;/a&gt;
E, 3504, 253, 2013/05/24, 07:22:34.109, 3558722973458, QTAgent32.exe, Playback - [IMAGE] C:\Users\testuser\AppData\Local\Temp\UITestLogs\LastRun\RPF845D.png
\0
W, 3504, 253, 2013/05/24, 07:22:34.109, 3558722975764, QTAgent32.exe, Playback - [WARNING] Internal warning: Couldn't find descendants that match QueryId
\0
W, 3504, 253, 2013/05/24, 07:22:34.109, 3558722978723, QTAgent32.exe, PERF WARNING: FindTopLevelWindowHelper::FindAllDescendents: took 533 ms. Expected it to take maximum 500 ms.
W, 3504, 253, 2013/05/24, 07:22:37.297, 3558768617692, QTAgent32.exe, PERF WARNING: FindTopLevelWindowHelper::FindAllDescendents: took 3187 ms. Expected it to take maximum 500 ms.
W, 3504, 253, 2013/05/24, 07:22:37.433, 3558770577715, QTAgent32.exe, &lt;a class=success&gt;Playback - {53} [SUCCESS] MouseButtonClick - "[MSAA, VisibleOnly]ControlType='Button' &amp;&amp; Name='Ok'"
\0&lt;/a&gt;
W, 3504, 253, 2013/05/24, 07:22:43.025, 3558850644554, QTAgent32.exe, PERF WARNING: FindTopLevelWindowHelper::FindAllDescendents: took 5479 ms. Expected it to take maximum 500 ms.
W, 3504, 253, 2013/05/24, 07:22:43.894, 3558863075361, QTAgent32.exe, &lt;a class=success&gt;Playback - {54} [SUCCESS] SetValueAsEditBox "test1" - "[MSAA, VisibleOnly]ControlType='Edit'"  &lt; Set via SendKeys &gt;
\0&lt;/a&gt;
W, 3504, 253, 2013/05/24, 07:22:44.710, 3558874768595, QTAgent32.exe, &lt;a class=success&gt;Playback - {55} [SUCCESS] SetValueAsEditBox "test" - "[MSAA, VisibleOnly]ControlType='Edit'"  &lt; Set via SendKeys &gt;
\0&lt;/a&gt;
W, 3504, 253, 2013/05/24, 07:22:45.106, 3558880437910, QTAgent32.exe, &lt;a class=success&gt;Playback - {56} [SUCCESS] SendKeys "^{HOME}" - "[MSAA, VisibleOnly]ControlType='Edit'"
\0&lt;/a&gt;
E, 3504, 253, 2013/05/24, 07:22:45.107, 3558880441730, QTAgent32.exe, Msaa.GetFocusedElement: could not find accessible object of foreground window
W, 3504, 253, 2013/05/24, 07:22:45.164, 3558881258657, QTAgent32.exe, &lt;a class=success&gt;Playback - {57} [SUCCESS] SendKeys "^+{END}" - "[MSAA, VisibleOnly]ControlType='Edit'"
\0&lt;/a&gt;
E, 3504, 253, 2013/05/24, 07:22:45.164, 3558881262107, QTAgent32.exe, Msaa.GetFocusedElement: could not find accessible object of foreground window
W, 3504, 253, 2013/05/24, 07:22:45.200, 3558881776945, QTAgent32.exe, &lt;a class=success&gt;Playback - {58} [SUCCESS] SendKeys "{DELETE}" - "[MSAA, VisibleOnly]ControlType='Edit'"
\0&lt;/a&gt;
W, 3504, 253, 2013/05/24, 07:22:45.553, 3558886835813, QTAgent32.exe, &lt;a class=success&gt;Playback - {59} [SUCCESS] SetValueAsEditBox "test" - "[MSAA, VisibleOnly]ControlType='Edit'"  &lt; Set via SendKeys &gt;
\0&lt;/a&gt;
W, 3504, 253, 2013/05/24, 07:22:46.343, 3558898150596, QTAgent32.exe, Playback - [WARNING] Internal warning: Incorrect flag set for InvokeProgrammaticAction\0
W, 3504, 253, 2013/05/24, 07:22:46.497, 3558900347576, QTAgent32.exe, &lt;a class=success&gt;Playback - {60} [SUCCESS] SetValueAsComboBox "Account Director" - "[MSAA, VisibleOnly]ControlType='ComboBox'"  &lt; SetValueAsComboBox, set by clicking on the item in the list box &gt;
\0&lt;/a&gt;
W, 3504, 253, 2013/05/24, 07:22:47.335, 3558912360239, QTAgent32.exe, Playback - [WARNING] Internal warning: Incorrect flag set for InvokeProgrammaticAction\0
W, 3504, 253, 2013/05/24, 07:22:47.465, 3558914202834, QTAgent32.exe, &lt;a class=success&gt;Playback - {61} [SUCCESS] SetValueAsComboBox "Advertising" - "[MSAA, VisibleOnly]ControlType='ComboBox'"  &lt; SetValueAsComboBox, set by clicking on the item in the list box &gt;
\0&lt;/a&gt;
W, 3504, 253, 2013/05/24, 07:22:48.164, 3558924219630, QTAgent32.exe, &lt;a class=success&gt;Playback - {62} [SUCCESS] SetValueAsEditBox "160589" - "[MSAA, VisibleOnly]ControlType='Edit'"  &lt; Set via SendKeys &gt;
\0&lt;/a&gt;
W, 3504, 253, 2013/05/24, 07:22:48.410, 3558927739630, QTAgent32.exe, &lt;a class=success&gt;Playback - {63} [SUCCESS] MouseButtonClick - "[MSAA, VisibleOnly]ControlType='Edit'"
\0&lt;/a&gt;
W, 3504, 253, 2013/05/24, 07:22:49.099, 3558937608945, QTAgent32.exe, &lt;a class=success&gt;Playback - {64} [SUCCESS] SetValueAsEditBox "B338TH" - "[MSAA, VisibleOnly]ControlType='Edit'"  &lt; Set via SendKeys &gt;
\0&lt;/a&gt;
W, 3504, 253, 2013/05/24, 07:22:51.333, 3558969594057, QTAgent32.exe, &lt;a class=success&gt;Playback - {65} [SUCCESS] MouseButtonClick - "[MSAA, VisibleOnly]ControlType='Button' &amp;&amp; Name='Lookup...'"
\0&lt;/a&gt;
W, 3504, 253, 2013/05/24, 07:22:51.622, 3558973733352, QTAgent32.exe, &lt;a class=success&gt;Playback - {66} [SUCCESS] MouseButtonClick - "[MSAA, VisibleOnly]ControlType='Button' &amp;&amp; Name='Ok'"
\0&lt;/a&gt;
W, 3504, 253, 2013/05/24, 07:22:52.067, 3558980099480, QTAgent32.exe, &lt;a class=success&gt;Playback - {67} [SUCCESS] MouseButtonClick - "[MSAA, VisibleOnly]ControlType='Button' &amp;&amp; Name='Next &gt;'"
\0&lt;/a&gt;
W, 3504, 253, 2013/05/24, 07:22:52.989, 3558993309913, QTAgent32.exe, &lt;a class=success&gt;Playback - {68} [SUCCESS] SetValueAsEditBox "1989" - "[MSAA, VisibleOnly]ControlType='Edit'"  &lt; Set via SendKeys &gt;
\0&lt;/a&gt;
W, 3504, 253, 2013/05/24, 07:22:53.299, 3558997744084, QTAgent32.exe, &lt;a class=success&gt;Playback - {69} [SUCCESS] MouseButtonClick - "[MSAA, VisibleOnly]ControlType='Button' &amp;&amp; Name='Next &gt;'"
\0&lt;/a&gt;
W, 3504, 253, 2013/05/24, 07:22:53.538, 3559001166297, QTAgent32.exe, &lt;a class=success&gt;Playback - {70} [SUCCESS] MouseButtonClick - "[MSAA, VisibleOnly]ControlType='Button' &amp;&amp; Name='Next &gt;'"
\0&lt;/a&gt;
W, 3504, 253, 2013/05/24, 07:22:53.771, 3559004496665, QTAgent32.exe, &lt;a class=success&gt;Playback - {71} [SUCCESS] MouseButtonClick - "[MSAA, VisibleOnly]ControlType='Button' &amp;&amp; Name='Next &gt;'"
\0&lt;/a&gt;
W, 3504, 253, 2013/05/24, 07:22:54.681, 3559017528743, QTAgent32.exe, &lt;a class=success&gt;Playback - {72} [SUCCESS] SetValueAsEditBox "2345" - "[MSAA, VisibleOnly]ControlType='Edit'"  &lt; Set via SendKeys &gt;
\0&lt;/a&gt;
W, 3504, 253, 2013/05/24, 07:22:55.593, 3559030589540, QTAgent32.exe, &lt;a class=success&gt;Playback - {73} [SUCCESS] SetValueAsEditBox "2000" - "[MSAA, VisibleOnly]ControlType='Edit'"  &lt; Set via SendKeys &gt;
\0&lt;/a&gt;
W, 3504, 253, 2013/05/24, 07:22:56.522, 3559043885683, QTAgent32.exe, &lt;a class=success&gt;Playback - {74} [SUCCESS] SetValueAsEditBox "2000" - "[MSAA, VisibleOnly]ControlType='Edit'"  &lt; Set via SendKeys &gt;
\0&lt;/a&gt;
W, 3504, 253, 2013/05/24, 07:22:56.751, 3559047171530, QTAgent32.exe, &lt;a class=success&gt;Playback - {75} [SUCCESS] MouseButtonClick - "[MSAA, VisibleOnly]ControlType='Button' &amp;&amp; Name='Next &gt;'"
\0&lt;/a&gt;
W, 3504, 253, 2013/05/24, 07:22:57.724, 3559061099226, QTAgent32.exe, &lt;a class=success&gt;Playback - {76} [SUCCESS] SetValueAsEditBox "2345" - "[MSAA, VisibleOnly]ControlType='Edit'"  &lt; Set via SendKeys &gt;
\0&lt;/a&gt;
W, 3504, 253, 2013/05/24, 07:22:57.991, 3559064923666, QTAgent32.exe, &lt;a class=success&gt;Playback - {77} [SUCCESS] MouseButtonClick - "[MSAA, VisibleOnly]ControlType='Button' &amp;&amp; Name='Next &gt;'"
\0&lt;/a&gt;
W, 3504, 253, 2013/05/24, 07:22:58.273, 3559068962080, QTAgent32.exe, &lt;a class=success&gt;Playback - {78} [SUCCESS] MouseButtonClick - "[MSAA, VisibleOnly]ControlType='Button' &amp;&amp; Name='Next &gt;'"
\0&lt;/a&gt;
W, 3504, 253, 2013/05/24, 07:22:58.660, 3559074503298, QTAgent32.exe, &lt;a class=success&gt;Playback - {79} [SUCCESS] MouseButtonClick - "[MSAA, VisibleOnly]ControlType='Button' &amp;&amp; Name='Quote'"
\0&lt;/a&gt;
W, 3504, 253, 2013/05/24, 07:22:58.952, 3559078691602, QTAgent32.exe, &lt;a class=success&gt;Playback - {80} [SUCCESS] MouseButtonClick - "[MSAA, VisibleOnly]ControlType='Button' &amp;&amp; Name='No'"
\0&lt;/a&gt;
W, 3504, 253, 2013/05/24, 07:22:59.467, 3559086049339, QTAgent32.exe, &lt;a class=success&gt;Playback - {81} [SUCCESS] MouseButtonClick - "[MSAA, VisibleOnly]ControlType='Button' &amp;&amp; Name='Ok'"
\0&lt;/a&gt;
W, 3504, 253, 2013/05/24, 07:23:09.236, 3559225939958, QTAgent32.exe, PERF WARNING: FindTopLevelWindowHelper::FindAllDescendents: took 9661 ms. Expected it to take maximum 500 ms.
W, 3504, 253, 2013/05/24, 07:23:09.424, 3559228632021, QTAgent32.exe, &lt;a class=success&gt;Playback - {82} [SUCCESS] MouseButtonClick - "[MSAA, VisibleOnly]ControlType='Button' &amp;&amp; Name='Exit'"
\0&lt;/a&gt;
W, 3504, 253, 2013/05/24, 07:23:09.880, 3559235160643, QTAgent32.exe, &lt;a class=success&gt;Playback - {83} [SUCCESS] MouseButtonClick - "[MSAA, VisibleOnly]ControlType='Button' &amp;&amp; Name='Yes'"
\0&lt;/a&gt;
W, 3504, 253, 2013/05/24, 07:23:11.095, 3559252545014, QTAgent32.exe, PERF WARNING: FindTopLevelWindowHelper::FindAllDescendents: took 1109 ms. Expected it to take maximum 500 ms.
W, 3504, 253, 2013/05/24, 07:23:11.534, 3559258837056, QTAgent32.exe, &lt;a class=success&gt;Playback - {84} [SUCCESS] Uncheck - "[MSAA, VisibleOnly]ControlType='CheckBox' &amp;&amp; Name='Add Activity'"
\0&lt;/a&gt;
W, 3504, 253, 2013/05/24, 07:23:11.924, 3559264413116, QTAgent32.exe, &lt;a class=success&gt;Playback - {85} [SUCCESS] MouseButtonClick - "[MSAA, VisibleOnly]ControlType='Button' &amp;&amp; Name='Ok'"
\0&lt;/a&gt;
W, 3504, 253, 2013/05/24, 07:23:12.896, 3559278329827, QTAgent32.exe, PERF WARNING: FindTopLevelWindowHelper::FindAllDescendents: took 854 ms. Expected it to take maximum 500 ms.
W, 3504, 253, 2013/05/24, 07:23:14.670, 3559303736367, QTAgent32.exe, &lt;a class=success&gt;Playback - {86} [SUCCESS] MouseButtonClick - "[MSAA, VisibleOnly]ControlType='Button' &amp;&amp; Name='Ok'"
\0&lt;/a&gt;
W, 3504, 253, 2013/05/24, 07:23:16.942, 3559336264849, QTAgent32.exe, &lt;a class=success&gt;Playback - {87} [SUCCESS] MouseButtonClick - "[MSAA, VisibleOnly]ControlType='Button' &amp;&amp; Name='OK'"
\0&lt;/a&gt;
W, 3504, 253, 2013/05/24, 07:23:17.250, 3559340672990, QTAgent32.exe, &lt;a class=success&gt;Playback - {88} [SUCCESS] MouseButtonClick - "[MSAA, VisibleOnly]ControlType='Button' &amp;&amp; Name='Cancel'"
\0&lt;/a&gt;
W, 3504, 253, 2013/05/24, 07:23:17.658, 3559346527038, QTAgent32.exe, &lt;a class=success&gt;Playback - {89} [SUCCESS] MouseButtonClick - "[MSAA, VisibleOnly]ControlType='Button'"
\0&lt;/a&gt;
W, 3504, 253, 2013/05/24, 07:23:18.134, 3559353339142, QTAgent32.exe, &lt;a class=success&gt;Playback - {90} [SUCCESS] MouseButtonClick - "[MSAA, VisibleOnly]ControlType='Button' &amp;&amp; Name='Detail'"
\0&lt;/a&gt;
W, 3504, 253, 2013/05/24, 07:23:18.376, 3559356796126, QTAgent32.exe, &lt;a class=success&gt;Playback - {91} [SUCCESS] MouseButtonClick - "[MSAA, VisibleOnly]ControlType='Edit'"
\0&lt;/a&gt;
W, 3504, 253, 2013/05/24, 07:23:18.681, 3559361172106, QTAgent32.exe, &lt;a class=success&gt;Playback - {92} [SUCCESS] MouseButtonClick - "[MSAA, VisibleOnly]ControlType='Button' &amp;&amp; Name='Cancel'"
\0&lt;/a&gt;
W, 3504, 253, 2013/05/24, 07:23:18.940, 3559364874376, QTAgent32.exe, &lt;a class=success&gt;Playback - {93} [SUCCESS] MouseButtonClick - "[MSAA, VisibleOnly]ControlType='Button' &amp;&amp; Name='Options'"
\0&lt;/a&gt;
W, 3504, 253, 2013/05/24, 07:23:19.041, 3559366313099, QTAgent32.exe, FindScreenElementInSinglePass : Attempting to find control in one pass of search. Failures can occur.
W, 3504, 253, 2013/05/24, 07:23:19.065, 3559366669454, QTAgent32.exe, Playback - [WARNING] Internal failure: Method GetBoundingRectangle failed (HRESULT = 0x1, "Incorrect function.") for Name = "Quote Select List" ," ControlType = "MenuItem"
\0
W, 3504, 253, 2013/05/24, 07:23:19.066, 3559366671822, QTAgent32.exe, Playback - [WARNING] Internal failure: Couldn't get clickable point for ScreenUIElement - GetClickablePoint failed
\0
W, 3504, 253, 2013/05/24, 07:23:19.097, 3559367124547, QTAgent32.exe, FindScreenElementInSinglePass : Attempting to find control in one pass of search. Failures can occur.
W, 3504, 253, 2013/05/24, 07:23:19.114, 3559367359643, QTAgent32.exe, FindScreenElementInSinglePass : Attempting to find control in one pass of search. Failures can occur.
W, 3504, 253, 2013/05/24, 07:23:19.243, 3559369217483, QTAgent32.exe, &lt;a class=success&gt;Playback - {94} [SUCCESS] LeftButtonClick - "[MSAA, VisibleOnly]ControlType='MenuBar' &amp;&amp; Name='Application'"  &lt; Mouse cursor location (960, 31) &gt;
\0&lt;/a&gt;
W, 3504, 253, 2013/05/24, 07:23:19.349, 3559370734532, QTAgent32.exe, &lt;a class=success&gt;Playback - {95} [SUCCESS] LeftButtonClick - "[MSAA]ControlType='MenuItem' &amp;&amp; Name='Options'"  &lt; Mouse cursor location (94, 31) &gt;
\0&lt;/a&gt;
W, 3504, 253, 2013/05/24, 07:23:19.815, 3559377409048, QTAgent32.exe, &lt;a class=success&gt;Playback - {96} [SUCCESS] LeftButtonClick - "[MSAA]ControlType='MenuItem' &amp;&amp; Name='Links'"  &lt; Mouse cursor location (174, 319) &gt;
\0&lt;/a&gt;
W, 3504, 253, 2013/05/24, 07:23:20.247, 3559383585408, QTAgent32.exe, &lt;a class=success&gt;Playback - {97} [SUCCESS] LeftButtonClick - "[MSAA]ControlType='MenuItem' &amp;&amp; Name='3rd Party Integration'"  &lt; Mouse cursor location (375, 319) &gt;
\0&lt;/a&gt;
W, 3504, 253, 2013/05/24, 07:23:20.739, 3559390637135, QTAgent32.exe, &lt;a class=success&gt;Playback - {98} [SUCCESS] MouseButtonClick - "[MSAA]ControlType='MenuItem' &amp;&amp; Name='Quote Select List'"
\0&lt;/a&gt;
W, 3504, 253, 2013/05/24, 07:23:22.208, 3559411675484, QTAgent32.exe, PERF WARNING: FindTopLevelWindowHelper::FindAllDescendents: took 1367 ms. Expected it to take maximum 500 ms.
W, 3504, 253, 2013/05/24, 07:23:22.393, 3559414313035, QTAgent32.exe, &lt;a class=success&gt;Playback - {99} [SUCCESS] MouseButtonClick - "[MSAA, VisibleOnly]ControlType='Button' &amp;&amp; Name='Ok'"
\0&lt;/a&gt;
W, 3504, 253, 2013/05/24, 07:23:25.615, 3559460450067, QTAgent32.exe, PERF WARNING: FindTopLevelWindowHelper::FindAllDescendents: took 3120 ms. Expected it to take maximum 500 ms.
W, 3504, 253, 2013/05/24, 07:23:25.831, 3559463542865, QTAgent32.exe, &lt;a class=success&gt;Playback - {100} [SUCCESS] MouseButtonClick - "[MSAA, VisibleOnly]ControlType='Button' &amp;&amp; Name='Next &gt;'"
\0&lt;/a&gt;
W, 3504, 253, 2013/05/24, 07:23:26.068, 3559466941489, QTAgent32.exe, &lt;a class=success&gt;Playback - {101} [SUCCESS] MouseButtonClick - "[MSAA, VisibleOnly]ControlType='Button' &amp;&amp; Name='Next &gt;'"
\0&lt;/a&gt;
W, 3504, 253, 2013/05/24, 07:23:26.299, 3559470241979, QTAgent32.exe, &lt;a class=success&gt;Playback - {102} [SUCCESS] MouseButtonClick - "[MSAA, VisibleOnly]ControlType='Button' &amp;&amp; Name='Next &gt;'"
\0&lt;/a&gt;
W, 3504, 253, 2013/05/24, 07:23:26.523, 3559473457920, QTAgent32.exe, &lt;a class=success&gt;Playback - {103} [SUCCESS] MouseButtonClick - "[MSAA, VisibleOnly]ControlType='Button' &amp;&amp; Name='Next &gt;'"
\0&lt;/a&gt;
W, 3504, 253, 2013/05/24, 07:23:26.769, 3559476975309, QTAgent32.exe, &lt;a class=success&gt;Playback - {104} [SUCCESS] MouseButtonClick - "[MSAA, VisibleOnly]ControlType='Button' &amp;&amp; Name='Next &gt;'"
\0&lt;/a&gt;
W, 3504, 253, 2013/05/24, 07:23:27.017, 3559480514735, QTAgent32.exe, &lt;a class=success&gt;Playback - {105} [SUCCESS] MouseButtonClick - "[MSAA, VisibleOnly]ControlType='Button' &amp;&amp; Name='Next &gt;'"
\0&lt;/a&gt;
W, 3504, 253, 2013/05/24, 07:23:27.294, 3559484486231, QTAgent32.exe, &lt;a class=success&gt;Playback - {106} [SUCCESS] MouseButtonClick - "[MSAA, VisibleOnly]ControlType='Button' &amp;&amp; Name='Next &gt;'"
\0&lt;/a&gt;
W, 3504, 253, 2013/05/24, 07:23:27.667, 3559489836193, QTAgent32.exe, &lt;a class=success&gt;Playback - {107} [SUCCESS] MouseButtonClick - "[MSAA, VisibleOnly]ControlType='Button' &amp;&amp; Name='Quote'"
\0&lt;/a&gt;
W, 3504, 253, 2013/05/24, 07:23:27.943, 3559493776013, QTAgent32.exe, &lt;a class=success&gt;Playback - {108} [SUCCESS] MouseButtonClick - "[MSAA, VisibleOnly]ControlType='Button' &amp;&amp; Name='No'"
\0&lt;/a&gt;
W, 3504, 253, 2013/05/24, 07:23:28.378, 3559500016539, QTAgent32.exe, &lt;a class=success&gt;Playback - {109} [SUCCESS] MouseButtonClick - "[MSAA, VisibleOnly]ControlType='Button' &amp;&amp; Name='Ok'"
\0&lt;/a&gt;
W, 3504, 253, 2013/05/24, 07:23:37.529, 3559631032155, QTAgent32.exe, PERF WARNING: FindTopLevelWindowHelper::FindAllDescendents: took 9009 ms. Expected it to take maximum 500 ms.
W, 3504, 253, 2013/05/24, 07:23:37.658, 3559632890460, QTAgent32.exe, &lt;a class=success&gt;Playback - {110} [SUCCESS] MouseButtonClick - "[MSAA, VisibleOnly]ControlType='Client'"
\0&lt;/a&gt;
W, 3504, 253, 2013/05/24, 07:23:39.621, 3559660992433, QTAgent32.exe, &lt;a class=success&gt;Playback - {111} [SUCCESS] SendKeys "{Home}" - "[MSAA, VisibleOnly]ControlType='Client'"
\0&lt;/a&gt;
W, 3504, 253, 2013/05/24, 07:23:40.227, 3559669667256, QTAgent32.exe, PERF WARNING: FindTopLevelWindowHelper::FindAllDescendents: took 505 ms. Expected it to take maximum 500 ms.
W, 3504, 253, 2013/05/24, 07:23:40.357, 3559671531396, QTAgent32.exe, &lt;a class=success&gt;Playback - {112} [SUCCESS] MouseButtonClick - "[MSAA, VisibleOnly]ControlType='Button' &amp;&amp; Name='Exit'"
\0&lt;/a&gt;
W, 3504, 253, 2013/05/24, 07:23:40.609, 3559675131438, QTAgent32.exe, &lt;a class=success&gt;Playback - {113} [SUCCESS] MouseButtonClick - "[MSAA, VisibleOnly]ControlType='Button' &amp;&amp; Name='Yes'"
\0&lt;/a&gt;
W, 3504, 253, 2013/05/24, 07:23:40.709, 3559676564756, QTAgent32.exe, Playback - [WARNING] Internal warning: Thread state based WFR - Requested element has invalid HWND
\0
W, 3504, 253, 2013/05/24, 07:23:40.709, 3559676566848, QTAgent32.exe, Playback - [WARNING] Internal warning: process performance counters based WFR - Requested element has invalid HWND
\0
E, 3504, 253, 2013/05/24, 07:23:40.711, 3559676602740, QTAgent32.exe, EnsureValid called via EnsureValid call for same element
E, 3504, 253, 2013/05/24, 07:23:40.712, 3559676612920, QTAgent32.exe, EnsureValid called via EnsureValid call for same element
E, 3504, 253, 2013/05/24, 07:23:40.712, 3559676614915, QTAgent32.exe, EnsureValid called via EnsureValid call for same element
E, 3504, 253, 2013/05/24, 07:23:40.713, 3559676621945, QTAgent32.exe, Window 5440436 not responding. Last Win32 error 1400
E, 3504, 253, 2013/05/24, 07:23:40.713, 3559676623118, QTAgent32.exe, GetClassName for handle 5440436 failed
W, 3504, 253, 2013/05/24, 07:23:41.236, 3559684114353, QTAgent32.exe, &lt;a class=success&gt;Playback - {114} [SUCCESS] Uncheck - "[MSAA, VisibleOnly]ControlType='CheckBox' &amp;&amp; Name='Add Activity'"
\0&lt;/a&gt;
W, 3504, 253, 2013/05/24, 07:23:41.617, 3559689575579, QTAgent32.exe, &lt;a class=success&gt;Playback - {115} [SUCCESS] MouseButtonClick - "[MSAA, VisibleOnly]ControlType='Button' &amp;&amp; Name='Ok'"
\0&lt;/a&gt;
W, 3504, 253, 2013/05/24, 07:24:02.143, 3559983466136, QTAgent32.exe, Playback - [WARNING] Internal warning: Window Not Found: [VisibleOnly]ControlType='Window' &amp;&amp; Name='Select Tam insurer for insurer code ' &amp;&amp; ClassName='TfSelectItem'
\0
E, 3504, 253, 2013/05/24, 07:24:02.144, 3559983475331, QTAgent32.exe, &lt;a class=failure&gt;Playback - {116} [FAILED] Function ElementFetcher::FindScreenElement failed to locate UI element (Searching: ;[VisibleOnly]ControlType='Window' &amp;&amp; Name='Select Tam insurer for insurer code ' &amp;&amp; ClassName='TfSelectItem') (The object specified was not found.)
\0&lt;/a&gt;
E, 3504, 253, 2013/05/24, 07:24:02.262, 3559985159051, QTAgent32.exe, Playback - [IMAGE] C:\Users\testuser\AppData\Local\Temp\UITestLogs\LastRun\RPFDCD9.png
\0
W, 3504, 253, 2013/05/24, 07:24:02.262, 3559985161512, QTAgent32.exe, Playback - [WARNING] Internal warning: Couldn't find descendants that match QueryId
\0
W, 3504, 253, 2013/05/24, 07:24:02.262, 3559985169461, QTAgent32.exe, PERF WARNING: FindTopLevelWindowHelper::FindAllDescendents: took 20544 ms. Expected it to take maximum 500 ms.
W, 3504, 253, 2013/05/24, 07:24:23.420, 3560288116474, QTAgent32.exe, Playback - [WARNING] Internal warning: Window Not Found: [VisibleOnly]ControlType='Window' &amp;&amp; Name='Select Tam insurer for insurer code ' &amp;&amp; ClassName='TfSelectItem'
\0
E, 3504, 253, 2013/05/24, 07:24:23.421, 3560288124714, QTAgent32.exe, &lt;a class=failure&gt;Playback - {117} [FAILED] Function ElementFetcher::FindScreenElement failed to locate UI element (Searching: ;[VisibleOnly]ControlType='Window' &amp;&amp; Name='Select Tam insurer for insurer code ' &amp;&amp; ClassName='TfSelectItem') (The object specified was not found.)
\0&lt;/a&gt;
E, 3504, 253, 2013/05/24, 07:24:23.516, 3560289488405, QTAgent32.exe, Playback - [IMAGE] C:\Users\testuser\AppData\Local\Temp\UITestLogs\LastRun\RPF2FF9.png
\0
W, 3504, 253, 2013/05/24, 07:24:23.516, 3560289491640, QTAgent32.exe, Playback - [WARNING] Internal warning: Couldn't find descendants that match QueryId
\0
W, 3504, 253, 2013/05/24, 07:24:23.517, 3560289499824, QTAgent32.exe, PERF WARNING: FindTopLevelWindowHelper::FindAllDescendents: took 21254 ms. Expected it to take maximum 500 ms.
W, 3504, 253, 2013/05/24, 07:24:28.731, 3560364155747, QTAgent32.exe, Playback - [WARNING] Internal warning: Window Not Found: [VisibleOnly]ControlType='Window' &amp;&amp; Name='Select Tam insurer for insurer code ' &amp;&amp; ClassName='TfSelectItem'
\0
E, 3504, 253, 2013/05/24, 07:24:28.731, 3560364161146, QTAgent32.exe, &lt;a class=failure&gt;Playback - {118} [FAILED] Function ElementFetcher::FindScreenElement failed to locate UI element (Searching: ;[VisibleOnly]ControlType='Window' &amp;&amp; Name='Select Tam insurer for insurer code ' &amp;&amp; ClassName='TfSelectItem') (The object specified was not found.)
\0&lt;/a&gt;
E, 3504, 253, 2013/05/24, 07:24:28.807, 3560365246600, QTAgent32.exe, Playback - [IMAGE] C:\Users\testuser\AppData\Local\Temp\UITestLogs\LastRun\RPF44C2.png
\0
W, 3504, 253, 2013/05/24, 07:24:28.807, 3560365249158, QTAgent32.exe, Playback - [WARNING] Internal warning: Couldn't find descendants that match QueryId
\0
W, 3504, 253, 2013/05/24, 07:24:28.808, 3560365255833, QTAgent32.exe, PERF WARNING: FindTopLevelWindowHelper::FindAllDescendents: took 5290 ms. Expected it to take maximum 500 ms.
E, 3504, 253, 2013/05/24, 07:24:28.808, 3560365258494, QTAgent32.exe, Exception: System.Runtime.InteropServices.COMException
	Message: Error HRESULT E_FAIL has been returned from a call to a COM component.
	Stack Trace:    at Microsoft.VisualStudio.TestTools.UITest.Playback.Engine.IRPFPlayback.FindAllScreenElements(IScreenElement pScreenElementStart, String bstrQueryId, Object&amp; pvarResKeys, Int32 cResKeys, Int32 nMaxDepth, Object[]&amp; foundDescendants)
   at Microsoft.VisualStudio.TestTools.UITest.Playback.ScreenElement.FindTopLevelWindowHelper(String queryId)
	BaseExceptionMessage: Error HRESULT E_FAIL has been returned from a call to a COM component.

E, 3504, 253, 2013/05/24, 07:24:28.808, 3560365264315, QTAgent32.exe, Window 788038 not responding. Last Win32 error 0
E, 3504, 253, 2013/05/24, 07:24:28.808, 3560365265616, QTAgent32.exe, GetClassName for handle 788038 failed
E, 3504, 253, 2013/05/24, 07:24:28.809, 3560365282015, QTAgent32.exe, Window 787942 not responding. Last Win32 error 1400
E, 3504, 253, 2013/05/24, 07:24:28.810, 3560365282890, QTAgent32.exe, GetClassName for handle 787942 failed
E, 3504, 253, 2013/05/24, 07:24:28.918, 3560366830181, QTAgent32.exe, AL: Playback Error: Microsoft.VisualStudio.TestTools.UITest.Extension.UITestControlNotAvailableException: The control is not available or not valid. Additional Details: 
TechnologyName:  'MSAA'
Name:  'Ok'
ControlType:  'Button'
 ---&gt; Microsoft.VisualStudio.TestTools.UITest.Extension.UITestControlNotAvailableException: The control is not available or not valid. Additional Details: 
TechnologyName:  'MSAA'
Name:  'Select Tam insurer for insurer code '
ClassName:  'TfSelectItem'
ControlType:  'Window'
 ---&gt; System.Runtime.InteropServices.COMException: Error HRESULT E_FAIL has been returned from a call to a COM component.
   at Microsoft.VisualStudio.TestTools.UITest.Playback.Engine.IRPFPlayback.FindAllScreenElements(IScreenElement pScreenElementStart, String bstrQueryId, Object&amp; pvarResKeys, Int32 cResKeys, Int32 nMaxDepth, Object[]&amp; foundDescendants)
   at Microsoft.VisualStudio.TestTools.UITest.Playback.ScreenElement.FindTopLevelWindowHelper(String queryId)
   at Microsoft.VisualStudio.TestTools.UITest.Playback.ScreenElement.FindFromPartialQueryId(String queryId)
   at Microsoft.VisualStudio.TestTools.UITesting.UITestControl.EnsureValid(Boolean waitForReady, Boolean refetch)
   --- End of inner exception stack trace ---
   at Microsoft.VisualStudio.TestTools.UITesting.UITestControl.EnsureValid(Boolean waitForReady, Boolean refetch)
   at Microsoft.VisualStudio.TestTools.UITesting.UITestControl.FindFirstDescendant(String queryId, Int32 maxDepth, Int32&amp; timeLeft)
   at Microsoft.VisualStudio.TestTools.UITesting.UITestControl.FindFirstDescendant(String queryId)
   at Microsoft.VisualStudio.TestTools.UITesting.UITestControl.EnsureValid(Boolean waitForReady, Boolean refetch)
   --- End of inner exception stack trace ---
   at Microsoft.VisualStudio.TestTools.UITesting.UITestControl.EnsureValid(Boolean waitForReady, Boolean refetch)
   at Microsoft.VisualStudio.TestTools.UITesting.UITestControl.Click(MouseButtons button, ModifierKeys modifierKeys, Point relativeCoordinates)
   at Microsoft.VisualStudio.TestTools.UITesting.Mouse.ClickImplementation(UITestControl control, MouseButtons button, ModifierKeys modifierKeys, Point relativeCoordinate)
   at Microsoft.VisualStudio.TestTools.UITesting.Mouse.ClickImplementationWrapper(UITestControl control, MouseButtons button, ModifierKeys modifierKeys, Point relativeCoordinate)
W, 3504, 253, 2013/05/24, 07:24:28.918, 3560366833364, QTAgent32.exe, PlaybackErrorHandler: Ignoring exception as ContinueOnError is set.
W, 3504, 253, 2013/05/24, 07:24:49.973, 3560668296939, QTAgent32.exe, Playback - [WARNING] Internal warning: Window Not Found: [VisibleOnly]ControlType='Window' &amp;&amp; Name='Tamxml7' &amp;&amp; ClassName='TMessageForm'
\0
E, 3504, 253, 2013/05/24, 07:24:49.973, 3560668301813, QTAgent32.exe, &lt;a class=failure&gt;Playback - {119} [FAILED] Function ElementFetcher::FindScreenElement failed to locate UI element (Searching: ;[VisibleOnly]ControlType='Window' &amp;&amp; Name='Tamxml7' &amp;&amp; ClassName='TMessageForm') (The object specified was not found.)
\0&lt;/a&gt;
E, 3504, 253, 2013/05/24, 07:24:50.054, 3560669460799, QTAgent32.exe, Playback - [IMAGE] C:\Users\testuser\AppData\Local\Temp\UITestLogs\LastRun\RPF97B2.png
\0
W, 3504, 253, 2013/05/24, 07:24:50.054, 3560669463288, QTAgent32.exe, Playback - [WARNING] Internal warning: Couldn't find descendants that match QueryId
\0
W, 3504, 253, 2013/05/24, 07:24:50.055, 3560669467834, QTAgent32.exe, PERF WARNING: FindTopLevelWindowHelper::FindAllDescendents: took 21136 ms. Expected it to take maximum 500 ms.
W, 3504, 253, 2013/05/24, 07:25:11.209, 3560972361923, QTAgent32.exe, Playback - [WARNING] Internal warning: Window Not Found: [VisibleOnly]ControlType='Window' &amp;&amp; Name='Tamxml7' &amp;&amp; ClassName='TMessageForm'
\0
E, 3504, 253, 2013/05/24, 07:25:11.209, 3560972369805, QTAgent32.exe, &lt;a class=failure&gt;Playback - {120} [FAILED] Function ElementFetcher::FindScreenElement failed to locate UI element (Searching: ;[VisibleOnly]ControlType='Window' &amp;&amp; Name='Tamxml7' &amp;&amp; ClassName='TMessageForm') (The object specified was not found.)
\0&lt;/a&gt;
E, 3504, 253, 2013/05/24, 07:25:11.294, 3560973577567, QTAgent32.exe, Playback - [IMAGE] C:\Users\testuser\AppData\Local\Temp\UITestLogs\LastRun\RPFEAB3.png
\0
W, 3504, 253, 2013/05/24, 07:25:11.294, 3560973579934, QTAgent32.exe, Playback - [WARNING] Internal warning: Couldn't find descendants that match QueryId
\0
W, 3504, 253, 2013/05/24, 07:25:11.294, 3560973587481, QTAgent32.exe, PERF WARNING: FindTopLevelWindowHelper::FindAllDescendents: took 21239 ms. Expected it to take maximum 500 ms.
W, 3504, 253, 2013/05/24, 07:25:16.508, 3561048236142, QTAgent32.exe, Playback - [WARNING] Internal warning: Window Not Found: [VisibleOnly]ControlType='Window' &amp;&amp; Name='Tamxml7' &amp;&amp; ClassName='TMessageForm'
\0
E, 3504, 253, 2013/05/24, 07:25:16.508, 3561048240665, QTAgent32.exe, &lt;a class=failure&gt;Playback - {121} [FAILED] Function ElementFetcher::FindScreenElement failed to locate UI element (Searching: ;[VisibleOnly]ControlType='Window' &amp;&amp; Name='Tamxml7' &amp;&amp; ClassName='TMessageForm') (The object specified was not found.)
\0&lt;/a&gt;
E, 3504, 253, 2013/05/24, 07:25:16.584, 3561049331357, QTAgent32.exe, Playback - [IMAGE] C:\Users\testuser\AppData\Local\Temp\UITestLogs\LastRun\RPFFF5C.png
\0
W, 3504, 253, 2013/05/24, 07:25:16.585, 3561049334294, QTAgent32.exe, Playback - [WARNING] Internal warning: Couldn't find descendants that match QueryId
\0
W, 3504, 253, 2013/05/24, 07:25:16.585, 3561049338368, QTAgent32.exe, PERF WARNING: FindTopLevelWindowHelper::FindAllDescendents: took 5290 ms. Expected it to take maximum 500 ms.
E, 3504, 253, 2013/05/24, 07:25:16.585, 3561049340868, QTAgent32.exe, Exception: System.Runtime.InteropServices.COMException
	Message: Error HRESULT E_FAIL has been returned from a call to a COM component.
	Stack Trace:    at Microsoft.VisualStudio.TestTools.UITest.Playback.Engine.IRPFPlayback.FindAllScreenElements(IScreenElement pScreenElementStart, String bstrQueryId, Object&amp; pvarResKeys, Int32 cResKeys, Int32 nMaxDepth, Object[]&amp; foundDescendants)
   at Microsoft.VisualStudio.TestTools.UITest.Playback.ScreenElement.FindTopLevelWindowHelper(String queryId)
	BaseExceptionMessage: Error HRESULT E_FAIL has been returned from a call to a COM component.

E, 3504, 253, 2013/05/24, 07:25:16.585, 3561049346259, QTAgent32.exe, Window 919110 not responding. Last Win32 error 0
E, 3504, 253, 2013/05/24, 07:25:16.585, 3561049347791, QTAgent32.exe, GetClassName for handle 919110 failed
E, 3504, 253, 2013/05/24, 07:25:16.586, 3561049354456, QTAgent32.exe, Window 3408700 not responding. Last Win32 error 1400
E, 3504, 253, 2013/05/24, 07:25:16.586, 3561049355249, QTAgent32.exe, GetClassName for handle 3408700 failed
E, 3504, 253, 2013/05/24, 07:25:16.686, 3561050793790, QTAgent32.exe, AL: Playback Error: Microsoft.VisualStudio.TestTools.UITest.Extension.UITestControlNotAvailableException: The control is not available or not valid. Additional Details: 
TechnologyName:  'MSAA'
Name:  'OK'
ControlType:  'Button'
 ---&gt; Microsoft.VisualStudio.TestTools.UITest.Extension.UITestControlNotAvailableException: The control is not available or not valid. Additional Details: 
TechnologyName:  'MSAA'
Name:  'Tamxml7'
ClassName:  'TMessageForm'
ControlType:  'Window'
 ---&gt; System.Runtime.InteropServices.COMException: Error HRESULT E_FAIL has been returned from a call to a COM component.
   at Microsoft.VisualStudio.TestTools.UITest.Playback.Engine.IRPFPlayback.FindAllScreenElements(IScreenElement pScreenElementStart, String bstrQueryId, Object&amp; pvarResKeys, Int32 cResKeys, Int32 nMaxDepth, Object[]&amp; foundDescendants)
   at Microsoft.VisualStudio.TestTools.UITest.Playback.ScreenElement.FindTopLevelWindowHelper(String queryId)
   at Microsoft.VisualStudio.TestTools.UITest.Playback.ScreenElement.FindFromPartialQueryId(String queryId)
   at Microsoft.VisualStudio.TestTools.UITesting.UITestControl.EnsureValid(Boolean waitForReady, Boolean refetch)
   --- End of inner exception stack trace ---
   at Microsoft.VisualStudio.TestTools.UITesting.UITestControl.EnsureValid(Boolean waitForReady, Boolean refetch)
   at Microsoft.VisualStudio.TestTools.UITesting.UITestControl.FindFirstDescendant(String queryId, Int32 maxDepth, Int32&amp; timeLeft)
   at Microsoft.VisualStudio.TestTools.UITesting.UITestControl.FindFirstDescendant(String queryId)
   at Microsoft.VisualStudio.TestTools.UITesting.UITestControl.EnsureValid(Boolean waitForReady, Boolean refetch)
   --- End of inner exception stack trace ---
   at Microsoft.VisualStudio.TestTools.UITesting.UITestControl.EnsureValid(Boolean waitForReady, Boolean refetch)
   at Microsoft.VisualStudio.TestTools.UITesting.UITestControl.Click(MouseButtons button, ModifierKeys modifierKeys, Point relativeCoordinates)
   at Microsoft.VisualStudio.TestTools.UITesting.Mouse.ClickImplementation(UITestControl control, MouseButtons button, ModifierKeys modifierKeys, Point relativeCoordinate)
   at Microsoft.VisualStudio.TestTools.UITesting.Mouse.ClickImplementationWrapper(UITestControl control, MouseButtons button, ModifierKeys modifierKeys, Point relativeCoordinate)
W, 3504, 253, 2013/05/24, 07:25:16.687, 3561050796862, QTAgent32.exe, PlaybackErrorHandler: Ignoring exception as ContinueOnError is set.
W, 3504, 253, 2013/05/24, 07:25:16.887, 3561053659851, QTAgent32.exe, &lt;a class=success&gt;Playback - {122} [SUCCESS] MouseButtonClick - "[MSAA, VisibleOnly]ControlType='Button' &amp;&amp; Name='Cancel'"
\0&lt;/a&gt;
W, 3504, 253, 2013/05/24, 07:25:17.257, 3561058960910, QTAgent32.exe, &lt;a class=success&gt;Playback - {123} [SUCCESS] MouseButtonClick - "[MSAA, VisibleOnly]ControlType='Button'"
\0&lt;/a&gt;
W, 3504, 253, 2013/05/24, 07:25:17.663, 3561064771868, QTAgent32.exe, &lt;a class=success&gt;Playback - {124} [SUCCESS] MouseButtonClick - "[MSAA, VisibleOnly]ControlType='Button' &amp;&amp; Name='Detail'"
\0&lt;/a&gt;
W, 3504, 253, 2013/05/24, 07:25:17.890, 3561068028388, QTAgent32.exe, &lt;a class=success&gt;Playback - {125} [SUCCESS] MouseButtonClick - "[MSAA, VisibleOnly]ControlType='Edit'"
\0&lt;/a&gt;
W, 3504, 253, 2013/05/24, 07:25:17.991, 3561069474177, QTAgent32.exe, Playback - [WARNING] Internal warning: Thread state based WFR - Requested element has invalid HWND
\0
W, 3504, 253, 2013/05/24, 07:25:17.992, 3561069475985, QTAgent32.exe, Playback - [WARNING] Internal warning: process performance counters based WFR - Requested element has invalid HWND
\0
E, 3504, 253, 2013/05/24, 07:25:17.992, 3561069479844, QTAgent32.exe, EnsureValid called via EnsureValid call for same element
E, 3504, 253, 2013/05/24, 07:25:17.992, 3561069482072, QTAgent32.exe, EnsureValid called via EnsureValid call for same element
E, 3504, 253, 2013/05/24, 07:25:17.992, 3561069483459, QTAgent32.exe, EnsureValid called via EnsureValid call for same element
E, 3504, 253, 2013/05/24, 07:25:17.992, 3561069486594, QTAgent32.exe, Window 3867244 not responding. Last Win32 error 0
E, 3504, 253, 2013/05/24, 07:25:17.992, 3561069488441, QTAgent32.exe, GetClassName for handle 3867244 failed
W, 3504, 253, 2013/05/24, 07:25:21.654, 3561121917023, QTAgent32.exe, IEDOM : StopSession of the plugin called before StartSession
W, 3504, 253, 2013/05/24, 07:25:21.654, 3561121919650, QTAgent32.exe, UIA : StopSession of the plugin called before StartSession
</DebugTrace>
        <ErrorInfo>
          <Message>Assert.AreNotEqual failed. Expected any value except:&lt;0.00&gt;. Actual:&lt;0.00&gt;. </Message>
          <StackTrace>   at Ver1.UIMap.HomeCheckPremium() in C:\AutotestTam1205\TestProject7\UIMap.Designer.cs:line 1286
   at Ver1.CodedUITest2.HouseSaveQuoteWithoutPremium() in C:\AutotestTam1205\TestProject7\CodedUITest2.cs:line 1065
</StackTrace>
        </ErrorInfo>
      </Output>
      <ResultFiles>
        <ResultFile path="ICLVDEVTM02\HouseSaveQuoteWithoutPremium.png" />
      </ResultFiles>
      <ExtensionResult>Exception has been thrown by the target of an invocation.</ExtensionResult>
    </UnitTestResult>
  </Results>
</TestRun>